<html>
<body>
<pre>
<h1>µVision Build Log</h1>
<h2>Tool Versions:</h2>
IDE-Version: ¦ÌVision V5.15
Copyright (C) 2015 ARM Ltd and ARM Germany GmbH. All rights reserved.
License Information:  ,  , LIC=7YKNN-Y6H04-BVC1G-VCDK8-2DWAN-GCKAK
 
Tool Versions:
Toolchain:       MDK-ARM Professional  Version: 5.15.0
Toolchain Path:  D:\apps\Keil\ARM\ARMCC\Bin
C Compiler:      Armcc.exe V5.05 update 2 (build 169)
Assembler:       Armasm.exe V5.05 update 2 (build 169)
Linker/Locator:  ArmLink.exe V5.05 update 2 (build 169)
Library Manager: ArmAr.exe V5.05 update 2 (build 169)
Hex Converter:   FromElf.exe V5.05 update 2 (build 169)
CPU DLL:         SARMCM3.DLL V5.15.0
Dialog DLL:      DCM.DLL V1.13.2.0
Target DLL:      CMSIS_AGDI.dll V1.21.12.0
Dialog DLL:      TCM.DLL V1.14.5.0
 
<h2>Project:</h2>
D:\study\FPGA\recorder (2)\Project\RVMDK£¨uv5£©\iSO-STM32.uvprojx
Project File Date:  06/09/2023

<h2>Output:</h2>
*** Using Compiler 'V5.05 update 2 (build 169)', folder: 'D:\apps\Keil\ARM\ARMCC\Bin'
Build target 'uCOS_emWin'
compiling Clockapp.c...
Clockapp.c(25): warning:  #177-D: variable "NCode" was declared but never referenced
    int     NCode;
Clockapp.c(26): warning:  #177-D: variable "Id" was declared but never referenced
    int     Id;
Clockapp.c(27): warning:  #177-D: variable "i" was declared but never referenced
    uint8_t i=0,j=0;
Clockapp.c(27): warning:  #177-D: variable "j" was declared but never referenced
    uint8_t i=0,j=0;
Clockapp.c(64): warning:  #1-D: last line of file ends without a newline
  }
Clockapp.c(60): warning:  #550-D: variable "hWin" was set but never used
        WM_HWIN hWin;
Clockapp.c: 6 warnings, 0 errors
linking...
Program Size: Code=134188 RO-data=57208 RW-data=2428 ZI-data=60916  
FromELF: creating hex file...
"..\..\Output\Á÷Ë®µÆ.axf" - 0 Error(s), 6 Warning(s).

<h2>Software Packages used:</h2>

Package Vendor: ARM
                http://www.keil.com/pack/ARM.CMSIS.4.3.0.pack
                ARM::CMSIS:CORE:4.1.0
                CMSIS (Cortex Microcontroller Software Interface Standard)
   * Component: CORE Version: 4.1.0

<h2>Collection of Component include folders:</h2>
  D:\study\FPGA\recorder (2)\Project\RVMDK£¨uv5£©\RTE
  D:\apps\Keil\ARM\PACK\ARM\CMSIS\4.3.0\CMSIS\Include
  D:\apps\Keil\ARM\PACK\Keil\STM32F1xx_DFP\1.1.0\Device\Include

<h2>Collection of Component Files used:</h2>

   * Component: ARM::CMSIS:CORE:4.1.0
</pre>
</body>
</html>
